src/auth/guards/jwt-auth.guard.ts(10,19): error TS7006: Parameter 'err' implicitly has an 'any' type.
src/auth/guards/jwt-auth.guard.ts(10,24): error TS7006: Parameter 'user' implicitly has an 'any' type.
src/auth/guards/jwt-auth.guard.ts(10,30): error TS7006: Parameter 'info' implicitly has an 'any' type.
